Found 117 videos. Starting batch processing...
Processing: İŞİTME CİHAZI KULLANIRKEN DİKKAT EDİLMESİ GEREKENLER
 Translating to en...
 Translating to de...
 Translating to fr...
 Translating to ru...
 Translating to ar...
✅ Completed: İŞİTME CİHAZI KULLANIRKEN DİKKAT EDİLMESİ GEREKENLER
Processing: Çocuklarda Kulak Sağlığı
 Translating to en...
 Translating to de...
 Translating to fr...
 Translating to ru...
 Translating to ar...
✅ Completed: Çocuklarda Kulak Sağlığı
Processing: Özgür Koldaş ile Sağlık Gündemi
 Translating to en...
 Translating to de...
 Translating to fr...
 Translating to ru...
 Translating to ar...
✅ Completed: Özgür Koldaş ile Sağlık Gündemi
Processing: Alerjik Rinit ve Burun Alerjileri: Mevsimsel Alerjilere Karşı Erken Önlem Alın!
 Translating to en...
 Translating to de...
 Translating to fr...
 Translating to ru...
